client/src/pages/home.tsx(1637,9): error TS2304: Cannot find name 'savePlywoodBrandMutation'.
client/src/pages/home.tsx(1650,5): error TS2304: Cannot find name 'deletePlywoodBrandMutation'.
client/src/pages/home.tsx(4135,48): error TS2353: Object literal may only specify known properties, and 'plywoodBrand' does not exist in type 'Partial<{ id: number; sheetWidth: string; sheetHeight: string; kerf: string; masterLaminateCode: string | null; updatedAt: Date; }>'.
client/src/pages/home.tsx(4171,50): error TS2353: Object literal may only specify known properties, and 'plywoodBrand' does not exist in type 'Partial<{ id: number; sheetWidth: string; sheetHeight: string; kerf: string; masterLaminateCode: string | null; updatedAt: Date; }>'.
client/src/pages/home.tsx(4185,50): error TS2353: Object literal may only specify known properties, and 'plywoodGodown' does not exist in type 'Partial<{ id: number; sheetWidth: string; sheetHeight: string; kerf: string; masterLaminateCode: string | null; updatedAt: Date; }>'.
client/src/pages/home.tsx(4271,35): error TS2552: Cannot find name 'setMasterLaminateCode'. Did you mean 'masterLaminateCode'?
client/src/pages/home.tsx(4276,35): error TS2552: Cannot find name 'setMasterLaminateCode'. Did you mean 'masterLaminateCode'?
client/src/pages/home.tsx(4287,35): error TS2552: Cannot find name 'setMasterLaminateCode'. Did you mean 'masterLaminateCode'?
client/src/pages/home.tsx(4322,43): error TS2552: Cannot find name 'setMasterLaminateCode'. Did you mean 'masterLaminateCode'?
client/src/pages/home.tsx(4368,31): error TS2552: Cannot find name 'setMasterLaminateGodown'. Did you mean 'masterLaminateGodown'?
